// Jest Snapshot v1, https://goo.gl/fbAQLP

exports[`errors if no signer withAuth: required 1`] = `"You must add a .signer() to sign permissioned requests, see: https://polybase.xyz/docs/authentication"`;
