// Jest Snapshot v1, https://goo.gl/fbAQLP

exports[`signing 1`] = `"Request failed with status code 401"`;
