// Jest Snapshot v1, https://goo.gl/fbAQLP

exports[`util Map Nodes Map and change function name value 1`] = `
[
  {
    "body": [
      {
        "expression": {
          "left": {
            "col": 8,
            "line": 2,
            "lineBreaks": 0,
            "offset": 27,
            "text": "10",
            "toString": [Function],
            "type": "number",
            "value": "10",
          },
          "op": {
            "col": 11,
            "line": 2,
            "lineBreaks": 0,
            "offset": 30,
            "text": "/",
            "toString": [Function],
            "type": "divide",
            "value": "/",
          },
          "right": {
            "args": [
              {
                "col": 18,
                "line": 2,
                "lineBreaks": 0,
                "offset": 37,
                "text": "name",
                "toString": [Function],
                "type": "name",
                "value": "name",
              },
            ],
            "prefix": {
              "col": 13,
              "line": 2,
              "lineBreaks": 0,
              "offset": 32,
              "text": "func",
              "toString": [Function],
              "type": "name",
              "value": "func",
            },
            "type": "call",
          },
          "type": "product",
        },
        "type": "return",
      },
    ],
    "name": {
      "col": 10,
      "line": 1,
      "lineBreaks": 0,
      "offset": 9,
      "text": "Hello",
      "toString": [Function],
      "type": "name",
      "value": "Hello",
    },
    "params": [],
    "prefix": {
      "text": "altFunc",
      "value": "altFunc",
    },
    "type": "function",
  },
]
`;
